(registered 2014-09-10, last updated 2014-09-10)

Name : Ni Hui

Email : nihuini&tencent.com

MIME media type name : Image

MIME subtype name : Vendor Tree - vnd.tencent.tap

Required parameters : none

Optional parameters : 
none

Encoding considerations : binary


Security considerations : 
The security issues associated with this type have not been
assessed.

Interoperability considerations : 
As this is not an open standard, interoperability is left up to
the discretion of the developer, Tencent Inc.

Published specification : 
A description of the storage format is available at http://tu.qq.com/spec/image.vnd.tencent.tap-spec-en.txt

Applications which use this media : 
none

Fragment identifier considerations :
none

Restrictions on usage :
none

Provisional registration? (standards tree only) :
N/A


Additional information :

1. Deprecated alias names for this type : N/A
2. Magic number(s) : TAP0
3. File extension(s) : tap
4. Macintosh file type code : N/A
5. Object Identifiers: N/A



Person to contact for further information :

1. Name : Ni Hui
2. Email : nihuini&tencent.com

Intended usage : Common
Store a static image or multiple images or animation in one file.

Author/Change controller : Ni Hui